#-----------------------------------------------------------
# Vivado v2023.2 (64-bit)
# SW Build 4029153 on Fri Oct 13 20:14:34 MDT 2023
# IP Build 4028589 on Sat Oct 14 00:45:43 MDT 2023
# SharedData Build 4025554 on Tue Oct 10 17:18:54 MDT 2023
# Start of session at: Wed Mar 25 15:09:20 2026
# Process ID: 19956
# Current directory: C:/Users/zafranc/Desktop/ECEN4243-Lab2/Lab2_Vivado/lab2/lab2.runs/design_1_top_0_0_synth_1
# Command line: vivado.exe -log design_1_top_0_0.vds -product Vivado -mode batch -messageDb vivado.pb -notrace -source design_1_top_0_0.tcl
# Log file: C:/Users/zafranc/Desktop/ECEN4243-Lab2/Lab2_Vivado/lab2/lab2.runs/design_1_top_0_0_synth_1/design_1_top_0_0.vds
# Journal file: C:/Users/zafranc/Desktop/ECEN4243-Lab2/Lab2_Vivado/lab2/lab2.runs/design_1_top_0_0_synth_1\vivado.jou
# Running On: CEAT-ENDV350-05, OS: Windows, CPU Frequency: 2496 MHz, CPU Physical cores: 8, Host memory: 68426 MB
#-----------------------------------------------------------
source design_1_top_0_0.tcl -notrace
